d:\tn_project\demo\hdmitool\hdmiclient\win32\debug\hdmiclient.pch
d:\tn_project\demo\hdmitool\hdmiclient\win32\debug\vc143.pdb
d:\tn_project\demo\hdmitool\hdmiclient\win32\debug\pch.obj
d:\tn_project\demo\hdmitool\hdmiclient\win32\debug\networkclient.obj
d:\tn_project\demo\hdmitool\hdmiclient\win32\debug\maindlg.obj
d:\tn_project\demo\hdmitool\hdmiclient\win32\debug\hdmiclient.obj
d:\tn_project\demo\hdmitool\hdmiclient\win32\debug\hdmiclient.exe
d:\tn_project\demo\hdmitool\hdmiclient\win32\debug\hdmiclient.pdb
d:\tn_project\demo\hdmitool\hdmiclient\win32\debug\hdmiclient.res
d:\tn_project\demo\hdmitool\hdmiclient\win32\debug\hdmiclient.ilk
d:\tn_project\demo\hdmitool\hdmiclient\win32\debug\hdmiclient.tlog\cl.command.1.tlog
d:\tn_project\demo\hdmitool\hdmiclient\win32\debug\hdmiclient.tlog\cl.items.tlog
d:\tn_project\demo\hdmitool\hdmiclient\win32\debug\hdmiclient.tlog\cl.read.1.tlog
d:\tn_project\demo\hdmitool\hdmiclient\win32\debug\hdmiclient.tlog\cl.write.1.tlog
d:\tn_project\demo\hdmitool\hdmiclient\win32\debug\hdmiclient.tlog\link.command.1.tlog
d:\tn_project\demo\hdmitool\hdmiclient\win32\debug\hdmiclient.tlog\link.read.1.tlog
d:\tn_project\demo\hdmitool\hdmiclient\win32\debug\hdmiclient.tlog\link.secondary.1.tlog
d:\tn_project\demo\hdmitool\hdmiclient\win32\debug\hdmiclient.tlog\link.write.1.tlog
d:\tn_project\demo\hdmitool\hdmiclient\win32\debug\hdmiclient.tlog\rc.command.1.tlog
d:\tn_project\demo\hdmitool\hdmiclient\win32\debug\hdmiclient.tlog\rc.read.1.tlog
d:\tn_project\demo\hdmitool\hdmiclient\win32\debug\hdmiclient.tlog\rc.write.1.tlog
